
> frontend@0.0.0 build
> vite build

vite v8.0.0 building client environment for production...
[2Ktransforming...✓ 16 modules transformed.
✗ Build failed in 222ms
error during build:
Build failed with 1 error:

[31m[UNRESOLVED_IMPORT] Error:[0m Could not resolve './pages/ResultsPage' in src/App.jsx
   [38;5;246m╭[0m[38;5;246m─[0m[38;5;246m[[0m src/App.jsx:9:29 [38;5;246m][0m
   [38;5;246m│[0m
 [38;5;246m9 │[0m [38;5;249mi[0m[38;5;249mm[0m[38;5;249mp[0m[38;5;249mo[0m[38;5;249mr[0m[38;5;249mt[0m[38;5;249m [0m[38;5;249m{[0m[38;5;249m [0m[38;5;249mR[0m[38;5;249me[0m[38;5;249ms[0m[38;5;249mu[0m[38;5;249ml[0m[38;5;249mt[0m[38;5;249ms[0m[38;5;249mP[0m[38;5;249ma[0m[38;5;249mg[0m[38;5;249me[0m[38;5;249m [0m[38;5;249m}[0m[38;5;249m [0m[38;5;249mf[0m[38;5;249mr[0m[38;5;249mo[0m[38;5;249mm[0m[38;5;249m [0m"./pages/ResultsPage"[38;5;249m;[0m
 [38;5;240m  │[0m                             ──────────┬──────────  
 [38;5;240m  │[0m                                       ╰──────────── Module not found.
 [38;5;240m  │[0m 
 [38;5;240m  │[0m [38;5;115mHelp[0m: 'src/App.jsx' is imported by the following path:
 [38;5;240m  │[0m         - src/App.jsx
 [38;5;240m  │[0m         - src/main.jsx
 [38;5;240m  │[0m         - index.html
[38;5;246m───╯[0m

    at aggregateBindingErrorsIntoJsError (file:///home/user/Desktop/safety-ppe-checker/frontend/node_modules/rolldown/dist/shared/error-CP8smW_P.mjs:48:18)
    at unwrapBindingResult (file:///home/user/Desktop/safety-ppe-checker/frontend/node_modules/rolldown/dist/shared/error-CP8smW_P.mjs:18:128)
    at #build (file:///home/user/Desktop/safety-ppe-checker/frontend/node_modules/rolldown/dist/shared/rolldown-build-4YnQkA76.mjs:3311:34)
    at async buildEnvironment (file:///home/user/Desktop/safety-ppe-checker/frontend/node_modules/vite/dist/node/chunks/node.js:32794:64)
    at async Object.build (file:///home/user/Desktop/safety-ppe-checker/frontend/node_modules/vite/dist/node/chunks/node.js:33216:19)
    at async Object.buildApp (file:///home/user/Desktop/safety-ppe-checker/frontend/node_modules/vite/dist/node/chunks/node.js:33213:153)
    at async CAC.<anonymous> (file:///home/user/Desktop/safety-ppe-checker/frontend/node_modules/vite/dist/node/cli.js:778:3) {
  errors: [Getter/Setter]
}
